LTspice 24.0.12 for Windows
Circuit: * C:\Users\LeeFE\Desktop\BloomBot\simulations\gate_driver.asc
Start Time: Sun Oct 27 18:56:58 2024
Warning: Multiple definitions of model "2scr375p" Type: BJT
Warning: Multiple definitions of model "bc857b" Type: BJT
Warning: Multiple definitions of model "bc847c" Type: BJT
Warning: Multiple definitions of model "bc847b" Type: BJT
solver = Normal
Maximum thread count: 20
tnom = 27
temp = 27
method = modified trap
Limiting rise time of source v1 to 5e-07
Limiting fall time of source v1 to 5e-07
WARNING: Node NC_02 is floating.
WARNING: Node NC_03 is floating.
WARNING: Node NC_04 is floating.

WARNING: Less than two connections to node nc_01.  This node is used by m2.
WARNING: Less than two connections to node nc_03.  This node is used by m2.
Direct Newton iteration for .op point succeeded.
Total elapsed time: 0.101 seconds.

